[INFO] [2026-09-28 13:51:17.01] Starting Bayesian analysis...
[INFO] [2026-09-28 13:53:29.46] Starting Bayesian analysis...
[INFO] [2026-09-28 13:53:29.46] Config loaded from: /Users/B328695/Desktop/Latent_class_analysis_v1/LCA_v1/src/config/config.yml
[INFO] [2026-09-28 13:54:48.08] Starting Bayesian analysis...
[INFO] [2026-09-28 13:54:48.09] Config loaded from: /Users/B328695/Desktop/Latent_class_analysis_v1/LCA_v1/src/config/config.yml
[INFO] [2026-09-28 13:54:48.09] NULL
 [INFO] [2026-09-28 13:54:48.09] 4
 [INFO] [2026-09-28 13:54:48.09] 500
 [INFO] [2026-09-28 13:54:48.09] 100
 [INFO] [2026-09-28 13:54:48.09] 1
 [INFO] [2026-09-28 13:54:48.09] c("pi", "p", "eta")
[INFO] [2026-09-28 13:54:48.09] 1
 [INFO] [2026-09-28 13:54:48.09] 2
 [INFO] [2026-09-28 13:54:48.09] CL_
 [INFO] [2026-09-28 13:54:48.09] FE_
[INFO] [2026-09-28 14:00:11.72] Starting Bayesian analysis...
[INFO] [2026-09-28 14:09:23.92] Starting Bayesian analysis...
[INFO] [2026-09-28 14:09:41.68] Starting Bayesian analysis...
[INFO] [2026-09-28 14:10:04.96] Starting Bayesian analysis...
[INFO] [2026-09-28 14:10:17.58] Starting Bayesian analysis...
[INFO] [2026-09-28 14:30:56.00] Starting Bayesian analysis...
